// Jest Snapshot v1, https://goo.gl/fbAQLP

exports[`PrimaryButton Component matches snapshot 1`] = `null`;
