// Jest Snapshot v1, https://goo.gl/fbAQLP

exports[`MainWeatherIcon Component matches snapshot 1`] = `null`;
