// Jest Snapshot v1, https://goo.gl/fbAQLP

exports[`ImageLoader Component matches snapshot 1`] = `null`;
